             VMA              LMA     Size Align Out     In      Symbol
               0                0 40200000     1 . = 0x40200000
        40200000                0        0     1 __kernel_base = .
        40200000         40200000     1790     4 .text
        40200000         40200000       18     4         /tmp/kernel-035be6.o:(.text.boot)
        40200000         40200000        0     1                 $x.1
        40200000         40200000       18     1                 boot
        40200018         40200018     11d4     4         /tmp/kernel-035be6.o:(.text)
        40200018         40200018        0     1                 $x.0
        40200018         40200018       1c     1                 uboot_call
        40200034         40200034       24     1                 putchar
        40200058         40200058       2c     1                 getchar
        40200084         40200084       18     1                 setup_vect
        4020009c         4020009c       60     1                 init_exceptions
        402000fc         402000fc       68     1                 alloc_pages
        40200164         40200164      248     1                 map_page
        402003ac         402003ac       44     1                 switch_context
        402003f0         402003f0       18     1                 delay
        40200408         40200408       44     1                 mmu_enable
        4020044c         4020044c      260     1                 yield
        402006ac         402006ac       3c     1                 proc_a_entry
        402006e8         402006e8       3c     1                 proc_b_entry
        40200724         40200724       1c     1                 user_entry
        40200740         40200740      38c     1                 create_process
        40200acc         40200acc       d8     1                 handle_syscall
        40200ba4         40200ba4       ec     1                 handle_trap
        40200c90         40200c90        c     1                 virtio_reg_read32
        40200c9c         40200c9c        c     1                 virtio_reg_read64
        40200ca8         40200ca8        c     1                 virtio_reg_write32
        40200cb4         40200cb4       14     1                 virtio_reg_fetch_and_or32
        40200cc8         40200cc8      110     1                 virtq_init
        40200dd8         40200dd8      114     1                 virtio_blk_init
        40200eec         40200eec       3c     1                 virtq_kick
        40200f28         40200f28       14     1                 virtq_is_busy
        40200f3c         40200f3c      1cc     1                 read_write_disk
        40201108         40201108       e4     1                 kernel_main
        402011ec         402011ec      404     4         /tmp/common-2c7030.o:(.text)
        402011ec         402011ec        0     1                 $x.0
        402011ec         402011ec       c8     1                 memcpy
        402012b4         402012b4       a0     1                 memset
        40201354         40201354       28     1                 strcpy
        4020137c         4020137c       30     1                 strcmp
        402013ac         402013ac      244     1                 printf
        402015f0         402015f0       ec     4         /tmp/vect-6c116e.o:(.text)
        402015f0         402015f0        0     1                 $x.0
        402015f0         402015f0        0     1                 sync_el1_handler
        402016a4         402016a4        0     1                 irq_el1_handler
        402016ac         402016ac        0     1                 fiq_el1_handler
        402016b4         402016b4        0     1                 serror_el1_handler
        402016bc         402016bc        0     1                 sync_el2_handler
        402016c4         402016c4        0     1                 irq_el2_handler
        402016cc         402016cc        0     1                 fiq_el2_handler
        402016d4         402016d4        0     1                 serror_el2_handler
        402016dc         402016dc        0     4         /tmp/vector_table-ed97f3.o:(.text)
        402016dc         402016dc       b4     4         /tmp/vect-96db12.o:(.text)
        402016dc         402016dc        0     1                 $x.0
        402016dc         402016dc       94     1                 handle_data_abort
        40201770         40201770        4     1                 handle_sync_el1
        40201774         40201774        4     1                 handle_irq_el1
        40201778         40201778        4     1                 handle_fiq_el1
        4020177c         4020177c        4     1                 handle_serror_el1
        40201780         40201780        4     1                 handle_sync_el2
        40201784         40201784        4     1                 handle_irq_el2
        40201788         40201788        4     1                 handle_fiq_el2
        4020178c         4020178c        4     1                 handle_serror_el2
        40201800         40201800      784  2048 .vectors
        40201800         40201800      784  2048         /tmp/vector_table-ed97f3.o:(.vectors)
        40201800         40201800        0     1                 $x.0
        40201800         40201800        0     1                 _vector_table
        40201f90         40201f90      46a    16 .rodata
        40201f90         40201f90      46a     1         <internal>:(.rodata.str1.1)
        40202400         40202400  1011008    16 .data
        40202400         40202400        8     8         /tmp/kernel-035be6.o:(.data)
        40202400         40202400        8     1                 alloc_pages.next_paddr
        40202400         40202400        0     1                 $d.3
        40202408         40202408  1011000     1         shell.bin.o:(.data)
        40202408         40202408        0     1                 _binary_shell_bin_start
        41213408         41213408        0     1                 _binary_shell_bin_end
        41213410         41213410    10148    16 .bss
        41213410         41213410        0     1         __bss = .
        41213410         41213410    10148    16         /tmp/kernel-035be6.o:(.bss)
        41213410         41213410        0     1                 $d.4
        41213410         41213410        8     1                 idle_proc
        41213420         41213420    10100     1                 procs
        41223520         41223520        8     1                 current_proc
        41223528         41223528        8     1                 blk_request_vq
        41223530         41223530        4     1                 blk_capacity
        41223538         41223538        8     1                 blk_req_paddr
        41223540         41223540        8     1                 blk_req
        41223548         41223548        8     1                 proc_a
        41223550         41223550        8     1                 proc_b
        41223558         41223558        0     1         __bss_end = .
        41223558         41223558        8     1 . = ALIGN ( 16 )
        41223560         41223560    20000     1 . += 128 * 1024
        41243560         41243560        0     1 __stack_top = .
        41243560         41243560      aa0     1 . = ALIGN ( 4096 )
        41244000         41244000        0     1 __free_ram = .
        41244000         41244000  2000000     1 . += 32 * 1024 * 1024
        43244000         43244000        0     1 __free_ram_end = .
               0                0      b65     1 .debug_loclists
               0                0      98e     1         /tmp/kernel-035be6.o:(.debug_loclists)
               0                0        0     1                 $d.5
             98e              98e      19c     1         /tmp/common-2c7030.o:(.debug_loclists)
             98e              98e        0     1                 $d.2
             b2a              b2a       3b     1         /tmp/vect-96db12.o:(.debug_loclists)
             b2a              b2a        0     1                 $d.2
               0                0      653     1 .debug_abbrev
               0                0      3b3     1         /tmp/kernel-035be6.o:(.debug_abbrev)
               0                0        0     1                 $d.6
             3b3              3b3      164     1         /tmp/common-2c7030.o:(.debug_abbrev)
             3b3              3b3        0     1                 $d.3
             517              517       21     1         /tmp/vect-6c116e.o:(.debug_abbrev)
             517              517        0     1                 $d.2
             538              538       21     1         /tmp/vector_table-ed97f3.o:(.debug_abbrev)
             538              538        0     1                 $d.2
             559              559       fa     1         /tmp/vect-96db12.o:(.debug_abbrev)
             559              559        0     1                 $d.3
               0                0     1ca2     1 .debug_info
               0                0     166b     1         /tmp/kernel-035be6.o:(.debug_info)
               0                0        0     1                 $d.7
            166b             166b      25a     1         /tmp/common-2c7030.o:(.debug_info)
            166b             166b        0     1                 $d.4
            18c5             18c5      17f     1         /tmp/vect-6c116e.o:(.debug_info)
            18c5             18c5        0     1                 $d.3
            1a44             1a44       95     1         /tmp/vector_table-ed97f3.o:(.debug_info)
            1a44             1a44        0     1                 $d.3
            1ad9             1ad9      1c9     1         /tmp/vect-96db12.o:(.debug_info)
            1ad9             1ad9        0     1                 $d.4
               0                0      180     1 .debug_rnglists
               0                0      138     1         /tmp/kernel-035be6.o:(.debug_rnglists)
               0                0        0     1                 $d.8
             138              138       48     1         /tmp/common-2c7030.o:(.debug_rnglists)
             138              138        0     1                 $d.5
               0                0      410     1 .debug_str_offsets
               0                0      2f8     1         /tmp/kernel-035be6.o:(.debug_str_offsets)
               0                0        0     1                 $d.9
             2f8              2f8       b8     1         /tmp/common-2c7030.o:(.debug_str_offsets)
             2f8              2f8        0     1                 $d.6
             3b0              3b0       60     1         /tmp/vect-96db12.o:(.debug_str_offsets)
             3b0              3b0        0     1                 $d.5
               0                0      765     1 .debug_str
               0                0      765     1         <internal>:(.debug_str)
               0                0      6e0     1 .debug_addr
               0                0      5a8     1         /tmp/kernel-035be6.o:(.debug_addr)
               0                0        0     1                 $d.11
             5a8              5a8       70     1         /tmp/common-2c7030.o:(.debug_addr)
             5a8              5a8        0     1                 $d.8
             618              618       c8     1         /tmp/vect-96db12.o:(.debug_addr)
             618              618        0     1                 $d.7
               0                0       42     1 .comment
               0                0       42     1         <internal>:(.comment)
               0                0      548     8 .debug_frame
               0                0      3a0     8         /tmp/kernel-035be6.o:(.debug_frame)
               0                0        0     1                 $d.13
             3a0              3a0       a8     8         /tmp/common-2c7030.o:(.debug_frame)
             3a0              3a0        0     1                 $d.10
             448              448      100     8         /tmp/vect-96db12.o:(.debug_frame)
             448              448        0     1                 $d.9
               0                0      cb9     1 .debug_line
               0                0      8ef     1         /tmp/kernel-035be6.o:(.debug_line)
               0                0        0     1                 $d.14
             8ef              8ef      208     1         /tmp/common-2c7030.o:(.debug_line)
             8ef              8ef        0     1                 $d.11
             af7              af7       90     1         /tmp/vect-6c116e.o:(.debug_line)
             af7              af7        0     1                 $d.4
             b87              b87       92     1         /tmp/vector_table-ed97f3.o:(.debug_line)
             b87              b87        0     1                 $d.4
             c19              c19       a0     1         /tmp/vect-96db12.o:(.debug_line)
             c19              c19        0     1                 $d.10
               0                0       60     1 .debug_line_str
               0                0       60     1         <internal>:(.debug_line_str)
               0                0       60     1 .debug_aranges
               0                0       30     1         /tmp/vect-6c116e.o:(.debug_aranges)
               0                0        0     1                 $d.1
              30               30       30     1         /tmp/vector_table-ed97f3.o:(.debug_aranges)
              30               30        0     1                 $d.1
               0                0      be8     8 .symtab
               0                0      be8     8         <internal>:(.symtab)
               0                0       e2     1 .shstrtab
               0                0       e2     1         <internal>:(.shstrtab)
               0                0      4dc     1 .strtab
               0                0      4dc     1         <internal>:(.strtab)
