             VMA              LMA     Size Align Out     In      Symbol
               0                0 40200000     1 . = 0x40200000
        40200000                0        0     1 __kernel_base = .
        40200000         40200000     18fc     4 .text
        40200000         40200000       18     4         /tmp/kernel-9e8555.o:(.text.boot)
        40200000         40200000        0     1                 $x.1
        40200000         40200000       18     1                 boot
        40200018         40200018     1340     4         /tmp/kernel-9e8555.o:(.text)
        40200018         40200018        0     1                 $x.0
        40200018         40200018       1c     1                 uboot_call
        40200034         40200034       24     1                 putchar
        40200058         40200058       2c     1                 getchar
        40200084         40200084       18     1                 setup_vect
        4020009c         4020009c       60     1                 init_exceptions
        402000fc         402000fc       68     1                 alloc_pages
        40200164         40200164      248     1                 map_page
        402003ac         402003ac       44     1                 switch_context
        402003f0         402003f0       18     1                 delay
        40200408         40200408       44     1                 mmu_enable
        4020044c         4020044c      260     1                 yield
        402006ac         402006ac       3c     1                 proc_a_entry
        402006e8         402006e8       3c     1                 proc_b_entry
        40200724         40200724       1c     1                 user_entry
        40200740         40200740      38c     1                 create_process
        40200acc         40200acc       d8     1                 handle_syscall
        40200ba4         40200ba4       ec     1                 handle_trap
        40200c90         40200c90        c     1                 virtio_reg_read32
        40200c9c         40200c9c        c     1                 virtio_reg_read64
        40200ca8         40200ca8        c     1                 virtio_reg_write32
        40200cb4         40200cb4       14     1                 virtio_reg_fetch_and_or32
        40200cc8         40200cc8      124     1                 virtq_init
        40200dec         40200dec      174     1                 virtio_blk_init
        40200f60         40200f60       40     1                 virtq_kick
        40200fa0         40200fa0       14     1                 virtq_is_busy
        40200fb4         40200fb4      2c0     1                 read_write_disk
        40201274         40201274       e4     1                 kernel_main
        40201358         40201358      404     4         /tmp/common-af48e9.o:(.text)
        40201358         40201358        0     1                 $x.0
        40201358         40201358       c8     1                 memcpy
        40201420         40201420       a0     1                 memset
        402014c0         402014c0       28     1                 strcpy
        402014e8         402014e8       30     1                 strcmp
        40201518         40201518      244     1                 printf
        4020175c         4020175c       ec     4         /tmp/vect-2dc43e.o:(.text)
        4020175c         4020175c        0     1                 $x.0
        4020175c         4020175c        0     1                 sync_el1_handler
        40201810         40201810        0     1                 irq_el1_handler
        40201818         40201818        0     1                 fiq_el1_handler
        40201820         40201820        0     1                 serror_el1_handler
        40201828         40201828        0     1                 sync_el2_handler
        40201830         40201830        0     1                 irq_el2_handler
        40201838         40201838        0     1                 fiq_el2_handler
        40201840         40201840        0     1                 serror_el2_handler
        40201848         40201848        0     4         /tmp/vector_table-121574.o:(.text)
        40201848         40201848       b4     4         /tmp/vect-5fb811.o:(.text)
        40201848         40201848        0     1                 $x.0
        40201848         40201848       94     1                 handle_data_abort
        402018dc         402018dc        4     1                 handle_sync_el1
        402018e0         402018e0        4     1                 handle_irq_el1
        402018e4         402018e4        4     1                 handle_fiq_el1
        402018e8         402018e8        4     1                 handle_serror_el1
        402018ec         402018ec        4     1                 handle_sync_el2
        402018f0         402018f0        4     1                 handle_irq_el2
        402018f4         402018f4        4     1                 handle_fiq_el2
        402018f8         402018f8        4     1                 handle_serror_el2
        40202000         40202000      784  2048 .vectors
        40202000         40202000      784  2048         /tmp/vector_table-121574.o:(.vectors)
        40202000         40202000        0     1                 $x.0
        40202000         40202000        0     1                 _vector_table
        40202790         40202790      4aa    16 .rodata
        40202790         40202790      4aa     1         <internal>:(.rodata.str1.1)
        40202c40         40202c40  1011008    16 .data
        40202c40         40202c40        8     8         /tmp/kernel-9e8555.o:(.data)
        40202c40         40202c40        8     1                 alloc_pages.next_paddr
        40202c40         40202c40        0     1                 $d.3
        40202c48         40202c48  1011000     1         shell.bin.o:(.data)
        40202c48         40202c48        0     1                 _binary_shell_bin_start
        41213c48         41213c48        0     1                 _binary_shell_bin_end
        41213c50         41213c50    10148    16 .bss
        41213c50         41213c50        0     1         __bss = .
        41213c50         41213c50    10148    16         /tmp/kernel-9e8555.o:(.bss)
        41213c50         41213c50        0     1                 $d.4
        41213c50         41213c50        8     1                 idle_proc
        41213c60         41213c60    10100     1                 procs
        41223d60         41223d60        8     1                 current_proc
        41223d68         41223d68        8     1                 blk_request_vq
        41223d70         41223d70        4     1                 blk_capacity
        41223d78         41223d78        8     1                 blk_req_paddr
        41223d80         41223d80        8     1                 blk_req
        41223d88         41223d88        8     1                 proc_a
        41223d90         41223d90        8     1                 proc_b
        41223d98         41223d98        0     1         __bss_end = .
        41223d98         41223d98        8     1 . = ALIGN ( 16 )
        41223da0         41223da0    20000     1 . += 128 * 1024
        41243da0         41243da0        0     1 __stack_top = .
        41243da0         41243da0      260     1 . = ALIGN ( 4096 )
        41244000         41244000        0     1 __free_ram = .
        41244000         41244000  2000000     1 . += 32 * 1024 * 1024
        43244000         43244000        0     1 __free_ram_end = .
               0                0      bd0     1 .debug_loclists
               0                0      9f9     1         /tmp/kernel-9e8555.o:(.debug_loclists)
               0                0        0     1                 $d.5
             9f9              9f9      19c     1         /tmp/common-af48e9.o:(.debug_loclists)
             9f9              9f9        0     1                 $d.2
             b95              b95       3b     1         /tmp/vect-5fb811.o:(.debug_loclists)
             b95              b95        0     1                 $d.2
               0                0      646     1 .debug_abbrev
               0                0      3a6     1         /tmp/kernel-9e8555.o:(.debug_abbrev)
               0                0        0     1                 $d.6
             3a6              3a6      164     1         /tmp/common-af48e9.o:(.debug_abbrev)
             3a6              3a6        0     1                 $d.3
             50a              50a       21     1         /tmp/vect-2dc43e.o:(.debug_abbrev)
             50a              50a        0     1                 $d.2
             52b              52b       21     1         /tmp/vector_table-121574.o:(.debug_abbrev)
             52b              52b        0     1                 $d.2
             54c              54c       fa     1         /tmp/vect-5fb811.o:(.debug_abbrev)
             54c              54c        0     1                 $d.3
               0                0     1d73     1 .debug_info
               0                0     173c     1         /tmp/kernel-9e8555.o:(.debug_info)
               0                0        0     1                 $d.7
            173c             173c      25a     1         /tmp/common-af48e9.o:(.debug_info)
            173c             173c        0     1                 $d.4
            1996             1996      17f     1         /tmp/vect-2dc43e.o:(.debug_info)
            1996             1996        0     1                 $d.3
            1b15             1b15       95     1         /tmp/vector_table-121574.o:(.debug_info)
            1b15             1b15        0     1                 $d.3
            1baa             1baa      1c9     1         /tmp/vect-5fb811.o:(.debug_info)
            1baa             1baa        0     1                 $d.4
               0                0      180     1 .debug_rnglists
               0                0      138     1         /tmp/kernel-9e8555.o:(.debug_rnglists)
               0                0        0     1                 $d.8
             138              138       48     1         /tmp/common-af48e9.o:(.debug_rnglists)
             138              138        0     1                 $d.5
               0                0      414     1 .debug_str_offsets
               0                0      2fc     1         /tmp/kernel-9e8555.o:(.debug_str_offsets)
               0                0        0     1                 $d.9
             2fc              2fc       b8     1         /tmp/common-af48e9.o:(.debug_str_offsets)
             2fc              2fc        0     1                 $d.6
             3b4              3b4       60     1         /tmp/vect-5fb811.o:(.debug_str_offsets)
             3b4              3b4        0     1                 $d.5
               0                0      76d     1 .debug_str
               0                0      76d     1         <internal>:(.debug_str)
               0                0      720     1 .debug_addr
               0                0      5e8     1         /tmp/kernel-9e8555.o:(.debug_addr)
               0                0        0     1                 $d.11
             5e8              5e8       70     1         /tmp/common-af48e9.o:(.debug_addr)
             5e8              5e8        0     1                 $d.8
             658              658       c8     1         /tmp/vect-5fb811.o:(.debug_addr)
             658              658        0     1                 $d.7
               0                0       42     1 .comment
               0                0       42     1         <internal>:(.comment)
               0                0      550     8 .debug_frame
               0                0      3a8     8         /tmp/kernel-9e8555.o:(.debug_frame)
               0                0        0     1                 $d.13
             3a8              3a8       a8     8         /tmp/common-af48e9.o:(.debug_frame)
             3a8              3a8        0     1                 $d.10
             450              450      100     8         /tmp/vect-5fb811.o:(.debug_frame)
             450              450        0     1                 $d.9
               0                0      d49     1 .debug_line
               0                0      97f     1         /tmp/kernel-9e8555.o:(.debug_line)
               0                0        0     1                 $d.14
             97f              97f      208     1         /tmp/common-af48e9.o:(.debug_line)
             97f              97f        0     1                 $d.11
             b87              b87       90     1         /tmp/vect-2dc43e.o:(.debug_line)
             b87              b87        0     1                 $d.4
             c17              c17       92     1         /tmp/vector_table-121574.o:(.debug_line)
             c17              c17        0     1                 $d.4
             ca9              ca9       a0     1         /tmp/vect-5fb811.o:(.debug_line)
             ca9              ca9        0     1                 $d.10
               0                0       60     1 .debug_line_str
               0                0       60     1         <internal>:(.debug_line_str)
               0                0       60     1 .debug_aranges
               0                0       30     1         /tmp/vect-2dc43e.o:(.debug_aranges)
               0                0        0     1                 $d.1
              30               30       30     1         /tmp/vector_table-121574.o:(.debug_aranges)
              30               30        0     1                 $d.1
               0                0      be8     8 .symtab
               0                0      be8     8         <internal>:(.symtab)
               0                0       e2     1 .shstrtab
               0                0       e2     1         <internal>:(.shstrtab)
               0                0      4dc     1 .strtab
               0                0      4dc     1         <internal>:(.strtab)
