             VMA              LMA     Size Align Out     In      Symbol
               0                0 40200000     1 . = 0x40200000
        40200000                0        0     1 __kernel_base = .
        40200000         40200000     17f4     4 .text
        40200000         40200000       18     4         /tmp/kernel-91d30d.o:(.text.boot)
        40200000         40200000        0     1                 $x.1
        40200000         40200000       18     1                 boot
        40200018         40200018     1238     4         /tmp/kernel-91d30d.o:(.text)
        40200018         40200018        0     1                 $x.0
        40200018         40200018       1c     1                 uboot_call
        40200034         40200034       24     1                 putchar
        40200058         40200058       2c     1                 getchar
        40200084         40200084       18     1                 setup_vect
        4020009c         4020009c       60     1                 init_exceptions
        402000fc         402000fc       68     1                 alloc_pages
        40200164         40200164      248     1                 map_page
        402003ac         402003ac       44     1                 switch_context
        402003f0         402003f0       18     1                 delay
        40200408         40200408       44     1                 mmu_enable
        4020044c         4020044c      260     1                 yield
        402006ac         402006ac       3c     1                 proc_a_entry
        402006e8         402006e8       3c     1                 proc_b_entry
        40200724         40200724       1c     1                 user_entry
        40200740         40200740      390     1                 create_process
        40200ad0         40200ad0       d8     1                 handle_syscall
        40200ba8         40200ba8       ec     1                 handle_trap
        40200c94         40200c94        c     1                 virtio_reg_read32
        40200ca0         40200ca0        c     1                 virtio_reg_read64
        40200cac         40200cac        c     1                 virtio_reg_write32
        40200cb8         40200cb8       14     1                 virtio_reg_fetch_and_or32
        40200ccc         40200ccc      110     1                 virtq_init
        40200ddc         40200ddc      170     1                 virtio_blk_init
        40200f4c         40200f4c      1dc     1                 read_write_disk
        40201128         40201128       30     1                 virtq_kick
        40201158         40201158       14     1                 virtq_is_busy
        4020116c         4020116c       e4     1                 kernel_main
        40201250         40201250      404     4         /tmp/common-ae2c69.o:(.text)
        40201250         40201250        0     1                 $x.0
        40201250         40201250       c8     1                 memcpy
        40201318         40201318       a0     1                 memset
        402013b8         402013b8       28     1                 strcpy
        402013e0         402013e0       30     1                 strcmp
        40201410         40201410      244     1                 printf
        40201654         40201654       ec     4         /tmp/vect-f3c7ad.o:(.text)
        40201654         40201654        0     1                 $x.0
        40201654         40201654        0     1                 sync_el1_handler
        40201708         40201708        0     1                 irq_el1_handler
        40201710         40201710        0     1                 fiq_el1_handler
        40201718         40201718        0     1                 serror_el1_handler
        40201720         40201720        0     1                 sync_el2_handler
        40201728         40201728        0     1                 irq_el2_handler
        40201730         40201730        0     1                 fiq_el2_handler
        40201738         40201738        0     1                 serror_el2_handler
        40201740         40201740        0     4         /tmp/vector_table-fb27a2.o:(.text)
        40201740         40201740       b4     4         /tmp/vect-e5768b.o:(.text)
        40201740         40201740        0     1                 $x.0
        40201740         40201740       94     1                 handle_data_abort
        402017d4         402017d4        4     1                 handle_sync_el1
        402017d8         402017d8        4     1                 handle_irq_el1
        402017dc         402017dc        4     1                 handle_fiq_el1
        402017e0         402017e0        4     1                 handle_serror_el1
        402017e4         402017e4        4     1                 handle_sync_el2
        402017e8         402017e8        4     1                 handle_irq_el2
        402017ec         402017ec        4     1                 handle_fiq_el2
        402017f0         402017f0        4     1                 handle_serror_el2
        40201800         40201800      784  2048 .vectors
        40201800         40201800      784  2048         /tmp/vector_table-fb27a2.o:(.vectors)
        40201800         40201800        0     1                 $x.0
        40201800         40201800        0     1                 _vector_table
        40201f90         40201f90      487    16 .rodata
        40201f90         40201f90      487     1         <internal>:(.rodata.str1.1)
        40202420         40202420  1011008    16 .data
        40202420         40202420        8     8         /tmp/kernel-91d30d.o:(.data)
        40202420         40202420        8     1                 alloc_pages.next_paddr
        40202420         40202420        0     1                 $d.3
        40202428         40202428  1011000     1         shell.bin.o:(.data)
        40202428         40202428        0     1                 _binary_shell_bin_start
        41213428         41213428        0     1                 _binary_shell_bin_end
        41213430         41213430    10148    16 .bss
        41213430         41213430        0     1         __bss = .
        41213430         41213430    10148    16         /tmp/kernel-91d30d.o:(.bss)
        41213430         41213430        0     1                 $d.4
        41213430         41213430        8     1                 idle_proc
        41213440         41213440    10100     1                 procs
        41223540         41223540        8     1                 current_proc
        41223548         41223548        8     1                 blk_request_vq
        41223550         41223550        4     1                 blk_capacity
        41223558         41223558        8     1                 blk_req_paddr
        41223560         41223560        8     1                 blk_req
        41223568         41223568        8     1                 proc_a
        41223570         41223570        8     1                 proc_b
        41223578         41223578        0     1         __bss_end = .
        41223578         41223578        8     1 . = ALIGN ( 16 )
        41223580         41223580    20000     1 . += 128 * 1024
        41243580         41243580        0     1 __stack_top = .
        41243580         41243580      a80     1 . = ALIGN ( 4096 )
        41244000         41244000        0     1 __free_ram = .
        41244000         41244000  2000000     1 . += 32 * 1024 * 1024
        43244000         43244000        0     1 __free_ram_end = .
               0                0      ba9     1 .debug_loclists
               0                0      9d2     1         /tmp/kernel-91d30d.o:(.debug_loclists)
               0                0        0     1                 $d.5
             9d2              9d2      19c     1         /tmp/common-ae2c69.o:(.debug_loclists)
             9d2              9d2        0     1                 $d.2
             b6e              b6e       3b     1         /tmp/vect-e5768b.o:(.debug_loclists)
             b6e              b6e        0     1                 $d.2
               0                0      653     1 .debug_abbrev
               0                0      3b3     1         /tmp/kernel-91d30d.o:(.debug_abbrev)
               0                0        0     1                 $d.6
             3b3              3b3      164     1         /tmp/common-ae2c69.o:(.debug_abbrev)
             3b3              3b3        0     1                 $d.3
             517              517       21     1         /tmp/vect-f3c7ad.o:(.debug_abbrev)
             517              517        0     1                 $d.2
             538              538       21     1         /tmp/vector_table-fb27a2.o:(.debug_abbrev)
             538              538        0     1                 $d.2
             559              559       fa     1         /tmp/vect-e5768b.o:(.debug_abbrev)
             559              559        0     1                 $d.3
               0                0     1cd7     1 .debug_info
               0                0     16a0     1         /tmp/kernel-91d30d.o:(.debug_info)
               0                0        0     1                 $d.7
            16a0             16a0      25a     1         /tmp/common-ae2c69.o:(.debug_info)
            16a0             16a0        0     1                 $d.4
            18fa             18fa      17f     1         /tmp/vect-f3c7ad.o:(.debug_info)
            18fa             18fa        0     1                 $d.3
            1a79             1a79       95     1         /tmp/vector_table-fb27a2.o:(.debug_info)
            1a79             1a79        0     1                 $d.3
            1b0e             1b0e      1c9     1         /tmp/vect-e5768b.o:(.debug_info)
            1b0e             1b0e        0     1                 $d.4
               0                0      180     1 .debug_rnglists
               0                0      138     1         /tmp/kernel-91d30d.o:(.debug_rnglists)
               0                0        0     1                 $d.8
             138              138       48     1         /tmp/common-ae2c69.o:(.debug_rnglists)
             138              138        0     1                 $d.5
               0                0      418     1 .debug_str_offsets
               0                0      300     1         /tmp/kernel-91d30d.o:(.debug_str_offsets)
               0                0        0     1                 $d.9
             300              300       b8     1         /tmp/common-ae2c69.o:(.debug_str_offsets)
             300              300        0     1                 $d.6
             3b8              3b8       60     1         /tmp/vect-e5768b.o:(.debug_str_offsets)
             3b8              3b8        0     1                 $d.5
               0                0      782     1 .debug_str
               0                0      782     1         <internal>:(.debug_str)
               0                0      6e8     1 .debug_addr
               0                0      5b0     1         /tmp/kernel-91d30d.o:(.debug_addr)
               0                0        0     1                 $d.11
             5b0              5b0       70     1         /tmp/common-ae2c69.o:(.debug_addr)
             5b0              5b0        0     1                 $d.8
             620              620       c8     1         /tmp/vect-e5768b.o:(.debug_addr)
             620              620        0     1                 $d.7
               0                0       42     1 .comment
               0                0       42     1         <internal>:(.comment)
               0                0      548     8 .debug_frame
               0                0      3a0     8         /tmp/kernel-91d30d.o:(.debug_frame)
               0                0        0     1                 $d.13
             3a0              3a0       a8     8         /tmp/common-ae2c69.o:(.debug_frame)
             3a0              3a0        0     1                 $d.10
             448              448      100     8         /tmp/vect-e5768b.o:(.debug_frame)
             448              448        0     1                 $d.9
               0                0      ccd     1 .debug_line
               0                0      903     1         /tmp/kernel-91d30d.o:(.debug_line)
               0                0        0     1                 $d.14
             903              903      208     1         /tmp/common-ae2c69.o:(.debug_line)
             903              903        0     1                 $d.11
             b0b              b0b       90     1         /tmp/vect-f3c7ad.o:(.debug_line)
             b0b              b0b        0     1                 $d.4
             b9b              b9b       92     1         /tmp/vector_table-fb27a2.o:(.debug_line)
             b9b              b9b        0     1                 $d.4
             c2d              c2d       a0     1         /tmp/vect-e5768b.o:(.debug_line)
             c2d              c2d        0     1                 $d.10
               0                0       60     1 .debug_line_str
               0                0       60     1         <internal>:(.debug_line_str)
               0                0       60     1 .debug_aranges
               0                0       30     1         /tmp/vect-f3c7ad.o:(.debug_aranges)
               0                0        0     1                 $d.1
              30               30       30     1         /tmp/vector_table-fb27a2.o:(.debug_aranges)
              30               30        0     1                 $d.1
               0                0      be8     8 .symtab
               0                0      be8     8         <internal>:(.symtab)
               0                0       e2     1 .shstrtab
               0                0       e2     1         <internal>:(.shstrtab)
               0                0      4dc     1 .strtab
               0                0      4dc     1         <internal>:(.strtab)
