             VMA              LMA     Size Align Out     In      Symbol
               0                0 46000000     1 . = 0x46000000
        46000000         46000000      424     4 .text
        46000000         46000000       14     4         /tmp/user-bc65c4.o:(.text.start)
        46000000         46000000        0     1                 $x.1
        46000000         46000000       14     1                 start
        46000014         46000014        4     4         /tmp/shell-3f69c6.o:(.text)
        46000014         46000014        0     1                 $x.0
        46000014         46000014        4     1                 main
        46000018         46000018        8     4         /tmp/user-bc65c4.o:(.text)
        46000018         46000018        0     1                 $x.0
        46000018         46000018        4     1                 exit
        4600001c         4600001c        4     1                 putchar
        46000020         46000020      404     4         /tmp/common-4d774a.o:(.text)
        46000020         46000020        0     1                 $x.0
        46000020         46000020       c8     1                 memcpy
        460000e8         460000e8       a0     1                 memset
        46000188         46000188       28     1                 strcpy
        460001b0         460001b0       30     1                 strcmp
        460001e0         460001e0      244     1                 printf
        46000424         46000424       11     4 .rodata
        46000424         46000424       11     1         <internal>:(.rodata.str1.1)
        46000438         46000438    10008     4 .bss
        46000438         46000438        8     1         . = ALIGN ( 16 )
        46000440         46000440    10000     1         . += 64 * 1024
        46010440         46010440        0     1         __stack_top = .
        46010440         46010440        0     1         
               0                0      20f     1 .debug_abbrev
               0                0       2f     1         /tmp/shell-3f69c6.o:(.debug_abbrev)
               0                0        0     1                 $d.1
              2f               2f       7c     1         /tmp/user-bc65c4.o:(.debug_abbrev)
              2f               2f        0     1                 $d.2
              ab               ab      164     1         /tmp/common-4d774a.o:(.debug_abbrev)
              ab               ab        0     1                 $d.3
               0                0      2e5     1 .debug_info
               0                0       2f     1         /tmp/shell-3f69c6.o:(.debug_info)
               0                0        0     1                 $d.2
              2f               2f       5c     1         /tmp/user-bc65c4.o:(.debug_info)
              2f               2f        0     1                 $d.3
              8b               8b      25a     1         /tmp/common-4d774a.o:(.debug_info)
              8b               8b        0     1                 $d.4
               0                0       f8     1 .debug_str_offsets
               0                0       18     1         /tmp/shell-3f69c6.o:(.debug_str_offsets)
               0                0        0     1                 $d.3
              18               18       28     1         /tmp/user-bc65c4.o:(.debug_str_offsets)
              18               18        0     1                 $d.5
              40               40       b8     1         /tmp/common-4d774a.o:(.debug_str_offsets)
              40               40        0     1                 $d.6
               0                0      1b1     1 .debug_str
               0                0      1b1     1         <internal>:(.debug_str)
               0                0       a0     1 .debug_addr
               0                0       10     1         /tmp/shell-3f69c6.o:(.debug_addr)
               0                0        0     1                 $d.5
              10               10       20     1         /tmp/user-bc65c4.o:(.debug_addr)
              10               10        0     1                 $d.7
              30               30       70     1         /tmp/common-4d774a.o:(.debug_addr)
              30               30        0     1                 $d.8
               0                0       42     1 .comment
               0                0       42     1         <internal>:(.comment)
               0                0      138     8 .debug_frame
               0                0       30     8         /tmp/shell-3f69c6.o:(.debug_frame)
               0                0        0     1                 $d.7
              30               30       60     8         /tmp/user-bc65c4.o:(.debug_frame)
              30               30        0     1                 $d.9
              90               90       a8     8         /tmp/common-4d774a.o:(.debug_frame)
              90               90        0     1                 $d.10
               0                0      2d8     1 .debug_line
               0                0       5b     1         /tmp/shell-3f69c6.o:(.debug_line)
               0                0        0     1                 $d.8
              5b               5b       75     1         /tmp/user-bc65c4.o:(.debug_line)
              5b               5b        0     1                 $d.10
              d0               d0      208     1         /tmp/common-4d774a.o:(.debug_line)
              d0               d0        0     1                 $d.11
               0                0       57     1 .debug_line_str
               0                0       57     1         <internal>:(.debug_line_str)
               0                0       5f     1 .debug_rnglists
               0                0       17     1         /tmp/user-bc65c4.o:(.debug_rnglists)
               0                0        0     1                 $d.4
              17               17       48     1         /tmp/common-4d774a.o:(.debug_rnglists)
              17               17        0     1                 $d.5
               0                0      19c     1 .debug_loclists
               0                0      19c     1         /tmp/common-4d774a.o:(.debug_loclists)
               0                0        0     1                 $d.2
               0                0      498     8 .symtab
               0                0      498     8         <internal>:(.symtab)
               0                0       c4     1 .shstrtab
               0                0       c4     1         <internal>:(.shstrtab)
               0                0      114     1 .strtab
               0                0      114     1         <internal>:(.strtab)
