             VMA              LMA     Size Align Out     In      Symbol
               0                0 46000000     1 . = 0x46000000
        46000000         46000000      430     4 .text
        46000000         46000000       14     4         /tmp/user-7c4e34.o:(.text.start)
        46000000         46000000        0     1                 $x.1
        46000000         46000000       14     1                 start
        46000014         46000014       10     4         /tmp/shell-5aabed.o:(.text)
        46000014         46000014        0     1                 $x.0
        46000014         46000014       10     1                 main
        46000024         46000024        8     4         /tmp/user-7c4e34.o:(.text)
        46000024         46000024        0     1                 $x.0
        46000024         46000024        4     1                 exit
        46000028         46000028        4     1                 putchar
        4600002c         4600002c      404     4         /tmp/common-83e1b6.o:(.text)
        4600002c         4600002c        0     1                 $x.0
        4600002c         4600002c       c8     1                 memcpy
        460000f4         460000f4       a0     1                 memset
        46000194         46000194       28     1                 strcpy
        460001bc         460001bc       30     1                 strcmp
        460001ec         460001ec      244     1                 printf
        46000430         46000430       11     4 .rodata
        46000430         46000430       11     1         <internal>:(.rodata.str1.1)
        46000444         46000444    1000c     4 .bss
        46000444         46000444        c     1         . = ALIGN ( 16 )
        46000450         46000450    10000     1         . += 64 * 1024
        46010450         46010450        0     1         __stack_top = .
        46010450         46010450        0     1         
               0                0      228     1 .debug_abbrev
               0                0       48     1         /tmp/shell-5aabed.o:(.debug_abbrev)
               0                0        0     1                 $d.1
              48               48       7c     1         /tmp/user-7c4e34.o:(.debug_abbrev)
              48               48        0     1                 $d.2
              c4               c4      164     1         /tmp/common-83e1b6.o:(.debug_abbrev)
              c4               c4        0     1                 $d.3
               0                0      2f3     1 .debug_info
               0                0       3d     1         /tmp/shell-5aabed.o:(.debug_info)
               0                0        0     1                 $d.2
              3d               3d       5c     1         /tmp/user-7c4e34.o:(.debug_info)
              3d               3d        0     1                 $d.3
              99               99      25a     1         /tmp/common-83e1b6.o:(.debug_info)
              99               99        0     1                 $d.4
               0                0       fc     1 .debug_str_offsets
               0                0       1c     1         /tmp/shell-5aabed.o:(.debug_str_offsets)
               0                0        0     1                 $d.3
              1c               1c       28     1         /tmp/user-7c4e34.o:(.debug_str_offsets)
              1c               1c        0     1                 $d.5
              44               44       b8     1         /tmp/common-83e1b6.o:(.debug_str_offsets)
              44               44        0     1                 $d.6
               0                0      196     1 .debug_str
               0                0      196     1         <internal>:(.debug_str)
               0                0       a0     1 .debug_addr
               0                0       10     1         /tmp/shell-5aabed.o:(.debug_addr)
               0                0        0     1                 $d.5
              10               10       20     1         /tmp/user-7c4e34.o:(.debug_addr)
              10               10        0     1                 $d.7
              30               30       70     1         /tmp/common-83e1b6.o:(.debug_addr)
              30               30        0     1                 $d.8
               0                0       42     1 .comment
               0                0       42     1         <internal>:(.comment)
               0                0      138     8 .debug_frame
               0                0       30     8         /tmp/shell-5aabed.o:(.debug_frame)
               0                0        0     1                 $d.7
              30               30       60     8         /tmp/user-7c4e34.o:(.debug_frame)
              30               30        0     1                 $d.9
              90               90       a8     8         /tmp/common-83e1b6.o:(.debug_frame)
              90               90        0     1                 $d.10
               0                0      2dc     1 .debug_line
               0                0       5f     1         /tmp/shell-5aabed.o:(.debug_line)
               0                0        0     1                 $d.8
              5f               5f       75     1         /tmp/user-7c4e34.o:(.debug_line)
              5f               5f        0     1                 $d.10
              d4               d4      208     1         /tmp/common-83e1b6.o:(.debug_line)
              d4               d4        0     1                 $d.11
               0                0       3c     1 .debug_line_str
               0                0       3c     1         <internal>:(.debug_line_str)
               0                0       5f     1 .debug_rnglists
               0                0       17     1         /tmp/user-7c4e34.o:(.debug_rnglists)
               0                0        0     1                 $d.4
              17               17       48     1         /tmp/common-83e1b6.o:(.debug_rnglists)
              17               17        0     1                 $d.5
               0                0      19c     1 .debug_loclists
               0                0      19c     1         /tmp/common-83e1b6.o:(.debug_loclists)
               0                0        0     1                 $d.2
               0                0      498     8 .symtab
               0                0      498     8         <internal>:(.symtab)
               0                0       c4     1 .shstrtab
               0                0       c4     1         <internal>:(.shstrtab)
               0                0      114     1 .strtab
               0                0      114     1         <internal>:(.strtab)
